------------------------------------------------------------
TimeQuest Timing Analyzer Summary
------------------------------------------------------------

Type  : Slow 1200mV 85C Model Setup 'pc[0]'
Slack : -6.989
TNS   : -171.651

Type  : Slow 1200mV 85C Model Setup 'CLOCK_50'
Slack : -6.643
TNS   : -242.277

Type  : Slow 1200mV 85C Model Hold 'pc[0]'
Slack : -0.723
TNS   : -5.900

Type  : Slow 1200mV 85C Model Hold 'CLOCK_50'
Slack : 0.316
TNS   : 0.000

Type  : Slow 1200mV 85C Model Minimum Pulse Width 'CLOCK_50'
Slack : -3.000
TNS   : -72.390

Type  : Slow 1200mV 85C Model Minimum Pulse Width 'pc[0]'
Slack : -0.127
TNS   : -2.366

Type  : Slow 1200mV 0C Model Setup 'pc[0]'
Slack : -6.493
TNS   : -160.461

Type  : Slow 1200mV 0C Model Setup 'CLOCK_50'
Slack : -6.028
TNS   : -218.258

Type  : Slow 1200mV 0C Model Hold 'pc[0]'
Slack : -0.635
TNS   : -4.368

Type  : Slow 1200mV 0C Model Hold 'CLOCK_50'
Slack : 0.297
TNS   : 0.000

Type  : Slow 1200mV 0C Model Minimum Pulse Width 'CLOCK_50'
Slack : -3.000
TNS   : -72.390

Type  : Slow 1200mV 0C Model Minimum Pulse Width 'pc[0]'
Slack : -0.180
TNS   : -3.533

Type  : Fast 1200mV 0C Model Setup 'pc[0]'
Slack : -3.260
TNS   : -76.099

Type  : Fast 1200mV 0C Model Setup 'CLOCK_50'
Slack : -2.898
TNS   : -95.501

Type  : Fast 1200mV 0C Model Hold 'pc[0]'
Slack : -0.637
TNS   : -10.640

Type  : Fast 1200mV 0C Model Hold 'CLOCK_50'
Slack : -0.009
TNS   : -0.022

Type  : Fast 1200mV 0C Model Minimum Pulse Width 'CLOCK_50'
Slack : -3.000
TNS   : -60.217

Type  : Fast 1200mV 0C Model Minimum Pulse Width 'pc[0]'
Slack : 0.010
TNS   : 0.000

------------------------------------------------------------
